1176620@senati.pe
1512699@utp.edu.pe
JamesCampbell167503417@outlook.com
LisaCasey06171@outlook.com
PaulGreen935522591@outlook.com
ThomasCollins780636772@outlook.com
U23250684@utp.edu.pe
aadjasminett@hotmail.com
ababechizos@hotmail.com
abduklamjidh@hotmail.com
abegadyghtk@hotmail.com
abhannahofz@hotmail.com
abwxinfl@adexposvaramsmedee.ru
acselbisca3@hotmail.com
adclairexul@hotmail.com
adithoumaten@hotmail.com
adpippaywe@hotmail.com
afloukzenury@hotmail.com
aidakfxz@tmpkaetklv.ru
aixiapavec4@hotmail.com
alcionngualid@hotmail.com
alikruegerwttasx@gmail.com
alisemuldrew431@outlook.fr
alishajenken@outlook.com
alizeapjetrat@hotmail.com
aljoanlc@hotmail.com
allisongeorgetta@gmail.com
alveroyhume@hotmail.com
amaliaobarr452@outlook.fr
amsler_anamaria1975@outlook.com
anatusipinaj@hotmail.com
andrewkm_kingz4@outlook.com
anonymous7736@outlook.com
anthiknutur@outlook.ie
apefaithoz@hotmail.com
apo@ridatejichawer.ru
aqriao@jrpyfdngylo.ru
aquiceazodio@hotmail.com
archloedpw@hotmail.com
arhsuecp@hotmail.com
armanda5mpyro@outlook.de
asadonszabof@hotmail.com
atdjeritap2007@outlook.com
atkimberlyyfi@hotmail.com
awojo@goldlidenames.ru
azavaiq@hotmail.com
azmw9j65pfwhx3wo@outlook.com
baazizproppa8@hotmail.com
bagratnanjic@hotmail.com
baldinmahesod@hotmail.com
basaramrhg7@hotmail.com
bayjidergerty@hotmail.com
beasleybokmdyglqr@gmail.com
bedonnawf@hotmail.com
beeneymoodiv@hotmail.com
benhzs@ezjxmbbmrdjn.ru
bernettakidd55@gmail.com
bgbki@snufpebanpia.ru
bgtraceyku@hotmail.com
bibbmaddup@hotmail.com
billilebggniw@gmail.com
blcsamanthacrc@hotmail.com
blcstephaniedm@hotmail.com
blouchsakkarz@hotmail.com
bobbneappmossbe2012@hotmail.com
bobetakplimg@hotmail.com
bogumdatuaht@hotmail.com
bonitafaxon342@outlook.es
bopotoitzic@hotmail.com
boscrevie@hotmail.com
bowandanhu@hotmail.com
bqjasminedwg@hotmail.com
bqlillianzcz@hotmail.com
britttillman6156850@gmail.com
bryanalayll@hotmail.com
btameliapus@hotmail.com
bucadjouhare@hotmail.com
burrisbrynnlizhx@gmail.com
butlerchereacnusmo@gmail.com
butmichelleirf@hotmail.com
bzjwandatb@hotmail.com
c_margo.72@outlook.com
calboavipup2015@hotmail.com
candance.antilla@outlook.com
careyeckberg314@outlook.fr
carlos_belli4w3@outlook.com
carlyncastanedalxqbe@gmail.com
carrolbrisky400@outlook.de
carson72jastnqp@outlook.com
carterpinkiedmwkyq@gmail.com
caryloncroak256@outlook.fr
cassady_robbie@outlook.com
catauhagren@hotmail.com
cayenmorseyu@hotmail.com
cazhurbuquiai@hotmail.com
cefionaxu@hotmail.com
celikozdoevk@hotmail.com
centwebgentco2016@outlook.com
cerbul1003muhithx@hotmail.com
cfjanarf@hotmail.com
cggz@tibergkovidownry.ru
cgmelaniekk@hotmail.com
chanapeake784@outlook.fr
charles_ryan5bbr@outlook.com
charlesmaishajdvoc@gmail.com
cherietessitore401@outlook.fr
christabellebejar180@outlook.it
christinabb_villanuevaj7@outlook.com
chrisvasrical1979@hotmail.com
chrystalbb_brucculerizg@outlook.com
chrystraxicz@hotmail.com
churchjonie09@gmail.com
cieravassell884@outlook.jp
cindibevarm@outlook.com
ciocizartajw@hotmail.com
ciraschnake286@outlook.de
ckjuliaobe@hotmail.com
clarisboswink554@outlook.fr
clivemuhr804@outlook.jp
cmrebeccaoe@hotmail.com
cohill_edra@outlook.com
coppasokpe1@hotmail.com
cornellbiggart411@outlook.fr
cqmkury@ciouterfemokaworksuff.ru
crizicieldop@hotmail.com
csx1e3lhtg2@hotmail.com
ctpijmjdtbvzj2lq@hotmail.com
cxcangelabdm@hotmail.com
danbradfordgskpbxq@gmail.com
danielduncan9h@outlook.com.au
daphinemagrone355@outlook.fr
darlene65guffeyhgg@outlook.com
david3kxc@outlook.fr
dbleahgc@hotmail.com
dcei@atigikmafib.ru
deloresc1_donahueso@outlook.com
delphamorsegxhai@gmail.com
delroyportlock@outlook.cl
dengunpolleta@hotmail.com
denomemelitid@hotmail.com
dfkilsitat@hotmail.com
dhuki7907biraudf@hotmail.com
diamandazuazo400@outlook.com.au
diecyckonede@hotmail.com
dignafq_stutzmanxf@outlook.com
dimanabrabers@hotmail.com
dimollydsf@hotmail.com
dinzpalloix@hotmail.com
disphoselecri@hotmail.com
dixonalitarmurdk@gmail.com
djulaoussas@hotmail.com
doddisidoog@hotmail.com
dongrobertsqtayr@gmail.com
donnettaobin075@outlook.com.br
dosapejorkz@hotmail.com
drerhv@ocboisebackgili.ru
dumichellervt@hotmail.com
dvfripv@tiobeaveremfi.ru
dwantipanimab@hotmail.com
dybwadlesabe@outlook.com.br
dyfelizabethfwu@hotmail.com
dzwjanpxi@hotmail.com
e5qq90seghdtx@outlook.com
eadmooaz0@hotmail.com
ebangelayfy@hotmail.com
eclasleapppatch2013@hotmail.com
edekmunnir4@hotmail.com
eduimkhawla3@hotmail.com
edwardml_mewzh@outlook.com
eflmichellerh@hotmail.com
egjr@myfledomajuscpi.ru
ehfo@presicocnat.ru
eiccaflxe@hotmail.com
ekakarenqj@hotmail.com
elavanessatg@hotmail.com
elgesfozag@hotmail.com
ellietadesse488@outlook.com.au
elrosefhi@hotmail.com
enghrognerr@hotmail.com
eojasmineesw@hotmail.com
eqchloegdw@hotmail.com
eranahmarker5@hotmail.com
erposucgand2005@hotmail.com
esdeirdreddy@hotmail.com
espleyspissod@hotmail.com
etbbernadetteyd@hotmail.com
ethelwadle608@outlook.fr
eugenerobleseicjqic@gmail.com
eurebeccajjp@hotmail.com
evwpenelopejcg@hotmail.com
ewanappi788@outlook.fr
ewarthofstra523@outlook.be
eyjrosesn@hotmail.com
eymariawq@hotmail.com
eysamanthawqj@hotmail.com
ezbernadettekx@hotmail.com
faijamujia9@hotmail.com
farrellieshacpkfb@gmail.com
fbsamanthaibv@hotmail.com
fehannahnoa@hotmail.com
felillianvd@hotmail.com
ferdiezentgraf880@outlook.co.id
fettapodnarc@hotmail.com
ffhjaneewu@hotmail.com
filcfejiat@outlook.com
fioaa@guepenkaperosre.ru
fjstydtqw8@hotmail.com
flitgachentio2015@hotmail.com
flpubdp@vigeperplessdenarea.ru
flydaladjoes@hotmail.com
fobmichellewy@hotmail.com
fqkaudreyft@hotmail.com
fqremmabty@hotmail.com
fraboeverkl@outlook.de
frank51sanchez9pa@outlook.com
frankzs_benavidezyb@outlook.com
franney610@outlook.com
frwendyeka@hotmail.com
fthmaryosy@hotmail.com
ftkarenytg@hotmail.com
fvfcwu@piadiaspeedunahin.ru
fxslaurenxy@hotmail.com
fzwawcthp@daphomezmiss.ru
fzwkvql@ysacpkwdgmrha.ru
g6mp7nhcdbcwhocp@hotmail.com
g77b4lhez@outlook.com
gaozk@ajvyv.ru
garnetestain619@outlook.fr
garrettsanda@gmail.com
gclaurenkz@hotmail.com
gcljanegf@hotmail.com
gjangelawc@hotmail.com
gjotaissauk@hotmail.com
gmegypa@spirtoutpravenlahabal.ru
gmfjanzc@hotmail.com
gnabaerasmaz@hotmail.com
gordon_groverofhe@outlook.com
gotlibbiorsiz@hotmail.com
gqorebeccadh@hotmail.com
grabectubayg@hotmail.com
gratzljihaadp@hotmail.com
gretos6246moitho3@hotmail.com
grimesdorathyyzhicqt@gmail.com
gsjoannecu@hotmail.com
gtfionaha@hotmail.com
gtivanessadxq@hotmail.com
gtoliviaiyh@hotmail.com
guadalupemaruschak054@outlook.fr
gueabigailnqz@hotmail.com
gumiaralfo@outlook.de
gwudianeokc@hotmail.com
gyzbellahx@hotmail.com
habiggoranv@hotmail.com
habymetryk@hotmail.com
handtwithent@hotmail.com
hansenstacyqiebs@gmail.com
harrellcorrinnebvsfnh@gmail.com
harrykuwada693@outlook.it
hauflerjoycelyn.2000@outlook.com
haurt@omnetri.ru
hcruthcf@hotmail.com
headsuerirgo@gmail.com
hendersonirinagywwo@gmail.com
hesamanthamke@hotmail.com
hesarahjex@hotmail.com
hewittlanellcnnsem@gmail.com
hfhrachelpj@hotmail.com
hfpalexandrafe@hotmail.com
hgtdianerla@hotmail.com
hgzunvv@sidvihefuncmildne.ru
hksuedko@hotmail.com
hodanneviop@hotmail.com
holman.georgine629@outlook.com
holtchunoljullo@gmail.com
hoovertoshikooleysqw@gmail.com
hossliciraiza@hotmail.com
howard6pbeuter@outlook.fr
howardzt_vasmadjidesmm@outlook.com
howechanelllvvtefb@gmail.com
howelldenissepaaxonn@gmail.com
hsavajl@hotmail.com
hurstkayleenrvjovqs@gmail.com
hwgrebeccaicf@hotmail.com
hxellael@hotmail.com
hxlbuh@silewe.ru
hyptheresadtn@hotmail.com
hzwsamantharj@hotmail.com
iajoanwo@hotmail.com
iatsjmmyuq@conggodbent.ru
ibkirenevyd@hotmail.com
ieomarianta@hotmail.com
igcarolinescv@hotmail.com
igelletshimoo@hotmail.com
igusamanthadbv@hotmail.com
ijamaryxi@hotmail.com
ijllisaxex@hotmail.com
ileanericsson426@outlook.fr
info@mail.coinbase.com
info_17tbblQ1c7Mm@news.blfspsxwfhk.com
info_17tbblQ1qxuU@news.pbkffelcqby.com
info_17tbblQ3ThF5@news.ajsgigizdhn.com
info_17tbblQ3fCbE@news.cjhfvjdgjcz.com
info_17tbblQ3lq9e@news.ccxzrmcskeq.com
info_17tbblQ3sIfm@news.ovamoeveila.com
info_17tbblQ5625m@news.hitixoihvvz.com
info_17tbblQ5mIvp@news.icxjdtlgbeh.com
info_17tbblQ66chj@news.kjejqzsfhls.com
info_17tbblQ6VcaS@news.zkxqiaeaaag.com
info_17tbblQ7S36w@news.prjczwarqwu.com
info_17tbblQ7WG7J@news.xjzupjixgcy.com
info_17tbblQ82h@news.izblbeyzhbw.com
info_17tbblQ8ocvn@news.qmccawmhnhy.com
info_17tbblQuODB@news.uuxdfecrgsv.com
ipclairempz@hotmail.com
ipnatalieuhv@hotmail.com
irenahekurik@hotmail.com
isruthdzr@hotmail.com
iubernadetteqon@hotmail.com
iuttheresadsg@hotmail.com
iuudeirdrelr@hotmail.com
ivjtraceygin@hotmail.com
ivrmadeleineyk@hotmail.com
iwnhwvmv@afarhiscegenfe.ru
iyruthju@hotmail.com
iysallynzl@hotmail.com
izgdianastv@hotmail.com
jacarolrdr@hotmail.com
jacindabushrehopms@gmail.com
jacktahety@gmail.com
jad.dibeh@st.ul.edu.lb
janethdejonge203@outlook.fr
janisolomonzlnoinm@gmail.com
jankeetasebz@hotmail.com
jarrodjalonen682@outlook.com.au
jbtheresagvx@hotmail.com
jenettedenooyer854@outlook.es
jennetteedge579@outlook.de
jenninelafuente243@outlook.fr
jensenindiraafcqxk@gmail.com
jenssxiweiy@hotmail.com
jess42mcclendone21@outlook.com
jfwamandabcq@hotmail.com
jinadrake4@gmail.com
jistmevatacka@hotmail.com
jklilyij@hotmail.com
jlvictoriagzp@hotmail.com
jnjyv@tighnisjoytoteveca.ru
jogjaorocion@hotmail.com
joichiselfka2008@outlook.com
joiecochran299@gmail.com
jojanerg@hotmail.com
joycelyn.supple@outlook.com
jpamandariy@hotmail.com
jqruthxc@hotmail.com
judyd2_krawczykez@outlook.com
julianriverakoe@outlook.fr
jwsamanthand@hotmail.com
jxwannajr@hotmail.com
jzmelanieny@hotmail.com
kafwi@baosubstafi.ru
kaletagnana7@hotmail.com
kalpesrodtsh@hotmail.com
kamilahcarabaj@outlook.com
karol47stcharlesomp@outlook.com
katchidirim@hotmail.com
kateybarb034@outlook.co.il
kehiwaadi@hotmail.com
keith_jeffersonzakf@outlook.com
kekicariaanq@hotmail.com
kenakeathley521@outlook.fr
kjjande@hotmail.com
klift2781nehuenj@hotmail.com
klinealbertinayfsbbhu@gmail.com
kmegddo@ermepabe.ru
knlaurenwe@hotmail.com
knowlesshaunipmdem@gmail.com
kolongwaguiv@hotmail.com
kopcapo@lgsrjtrs.ru
koploujkaz@hotmail.com
korbinjardel732@outlook.fr
kqdonnauax@hotmail.com
kravecjeyan1@hotmail.com
krevisa@umindanao.edu.ph
krfc@moatremthegenkiechi.ru
kristichen986@gmail.com
krmleahaf@hotmail.com
ksik@lensdiboothhelllarisa.ru
kthbmsf@raftisand.ru
ktm55izouo@outlook.com
kulriayaaish6@outlook.com
kutx@wcraafd.ru
kwhtheresada@hotmail.com
kyfsamanthaub@hotmail.com
kyram7i@outlook.com.br
kyransearch430@outlook.co.th
lalmelaniekfb@hotmail.com
lashaunmiddleton@gmail.com
latinawyche610@outlook.be
latonyanellum198983@hotmail.com
lautzparalz@hotmail.com
lbpenelopekxm@hotmail.com
ldgzoegbt@hotmail.com
ldtraceyifs@hotmail.com
leatp@partsystha.ru
leopoldpiersaul749@outlook.fr
lhcannezfx@hotmail.com
liadanscufo2002@outlook.fr
ligiapierpoint670@outlook.fr
ligncetensai1982@outlook.com
linseygranes069@outlook.dk
lissettefosler113@outlook.jp
ljrosehez@hotmail.com
lkqirenefud@hotmail.com
locnuldi@cabevelolen.ru
loids7976juhlel@hotmail.com
longabrielleuge@hotmail.com
lsuz@kutubncpb.ru
ltsarahisi@hotmail.com
lucioiy_murphyiq@outlook.com
lucy79florescny@outlook.com
ludmillatilford618@outlook.be
luvanessarzt@hotmail.com
luyrebeccasq@hotmail.com
lvkimberlyux@hotmail.com
lwfts@contsandpelmenymse.ru
lwtu@imablitini.ru
lyoirenevzp@hotmail.com
mablescercy579@outlook.es
madhowkimala@outlook.it
maguiepacynoj@hotmail.com
mail.ldilqtkn@ju9toea5gd.wpledknnlwnupwx.nl
malzerhett3@hotmail.com
margerypovey861@outlook.fr
maria69simmonslft@outlook.com
marilynmichaelsvvvzu@gmail.com
marleneu2peggy180@hotmail.com
masonpamela217@gmail.com
masumiyonnieh@hotmail.com
mawpippanfo@hotmail.com
mazhqqox@goodgsimpcrib.ru
mbbnicolanuj@hotmail.com
mckaylarabqov@outlook.fr
mdprosels@hotmail.com
me.straughan86@outlook.com
meconramecki@hotmail.com
megrajphoibe@outlook.dk
megzamupayaf@hotmail.com
mendemforkun@hotmail.com
merkerhaidakd@hotmail.com
mersnigroznyh@hotmail.com
merzvougue9@hotmail.com
meta0dlantzy@outlook.fr
methawariimo@hotmail.com
mfcizm@glicvemca.ru
mgmxec@promgodingkomidescra.ru
micheleis_best0s@outlook.com
mingguevin511@outlook.fr
missylibuku@outlook.de
mjyheatheryz@hotmail.com
mntdianagto@hotmail.com
modestymaginn450@outlook.fr
moldovanmihai394@gmail.com
monty65tucker6h5@outlook.com
morganshareenrhblc@gmail.com
mounir739raikf@hotmail.com
msabigailoxi@hotmail.com
msabsatherv@hotmail.com
mtpeu@pasfootbhopenavar.ru
muriel2pelizabeth545@hotmail.com
muxitondeweu@hotmail.com
muxsewykob@hotmail.com
mxyemilyhc@hotmail.com
mye@bahnhamsligh.ru
myongrutecki671@outlook.fr
myurapijlm@hotmail.com
naccadilyah@outlook.com
naserynurcob@hotmail.com
nazumfynna1@hotmail.com
ncbsophieaye@hotmail.com
ncowhok@hzsasc.ru
neffepoovai1@hotmail.com
nenieciman2@hotmail.com
newmanolivauinnic@gmail.com
nfhgabrielleoz@hotmail.com
ngdianeayt@hotmail.com
nicholascf_peterscg@outlook.com
nilsanicome027@outlook.fr
nozzcomseabi2021@hotmail.com
nqvvictoriaru@hotmail.com
nuiqavukath@hotmail.com
nxumeganbg@hotmail.com
nycak@noholux.ru
nzmichellenkn@hotmail.com
o5n8zmd06trtn@hotmail.com
obhannexsf@hotmail.com
obubahbuqjag@hotmail.com
oescheuclisz@hotmail.com
ogo@soywwewktw.ru
ohuchevurkan6@hotmail.com
oiztraceyvmc@hotmail.com
okxyjgc@spartitomictirakitz.ru
omanylattenm@hotmail.com
omfanajekoffa@hotmail.com
ooideirdreus@hotmail.com
opomantifozid@hotmail.com
oqsqact@dmbpdrznkp.ru
orgerasu2013@hotmail.com
osbjanexo@hotmail.com
ot1j3ec2v@outlook.com
ovddianemap@hotmail.com
owdecevon@gmail.com
oxrteobbw@bratalepenexoh.ru
ozldianalxn@hotmail.com
p20l78d5b@hotmail.com
pakheatherhe@hotmail.com
palaiachagots@hotmail.com
palerezek@hotmail.com
pankitkiozaj@hotmail.com
papigameveen5@hotmail.com
paul_huckaby7acq@outlook.com
pauziaylonar@hotmail.com
pcq@travlopimment.ru
peeemilyzu@hotmail.com
perlanu1idanni@outlook.es
petsytagink9@hotmail.com
peykimberlyxj@hotmail.com
pfkimberlyepw@hotmail.com
phixv@paddprofeas.ru
phuongdecaen015@outlook.it
pinywanenr@hotmail.com
pnilaurenprh@hotmail.com
porkatherinebje@hotmail.com
ppellayhg@hotmail.com
ppsoniaod@hotmail.com
prmpenelopemj@hotmail.com
puspippawz@hotmail.com
puybellalho@hotmail.com
pxamandaac@hotmail.com
pzrannafoc@hotmail.com
qcmelaniezvy@hotmail.com
qiisuelyh@hotmail.com
qjz@pleasadly.ru
qk6k3dq8fb@hotmail.com
qkxjuliarhy@hotmail.com
qlellarz@hotmail.com
qshhmcb@riwelseivecboldres.ru
qtheathermes@hotmail.com
quvanessayfd@hotmail.com
quyenpickettkfgqicj@gmail.com
qvangelayng@hotmail.com
qyfionaojx@hotmail.com
qzrnataliezka@hotmail.com
raghdajungild@hotmail.com
raitogoldper2002@hotmail.com
raitribsira2012@outlook.com
ramseymorainqruj@gmail.com
rcuemmaeu@hotmail.com
rdfelicityrq@hotmail.com
rdpels@netdrazywiju.ru
readlolosi2003@hotmail.com
reagan84abshirezvc@hotmail.com
reedmelching035@outlook.fr
reesasyurav@hotmail.com
rekimberlyhlh@hotmail.com
remarobersonqcwtrm@gmail.com
renbellajly@hotmail.com
reynabeaber152@outlook.jp
rhzg@laygailocontci.ru
richardisabellaqdzhtv@gmail.com
ridu845przx@hotmail.com
rivandreapvb@hotmail.com
roachshuundfvr@gmail.com
robbisantoszwijo@gmail.com
robertm0_jacobsfo@outlook.com
robinsonermelindazydnduz@gmail.com
rodriguezhyacinthcmqxizd@gmail.com
rohaldslwanu@hotmail.com
rolvaioksanf@hotmail.com
rose_davisj2px@outlook.com
roy_harmonnf9a@outlook.com
rpgraceess@hotmail.com
rqcarolineec@hotmail.com
rqkfwj@gkmvnbz.ru
rrfionagc@hotmail.com
rrkyvonneiju@hotmail.com
rrxannaub@hotmail.com
rsjuliamd@hotmail.com
rtannakga@hotmail.com
rtlyjtmnzf@fihonbisota.ru
rukd@hrsmrn.ru
rvukatherineov@hotmail.com
rwqfvm@ermeltetibosil.ru
ryannigbinosun335@outlook.de
ryzmariapk@hotmail.com
s9gyuesr32qyg5il@hotmail.com
s_hanh65@outlook.com
saavedra3039laura2020@hotmail.com
salalbrumbach415@outlook.fr
salaskimwfkkv589@outlook.com
samasadi976532@gmail.com
sandraxq_martinezoy@outlook.com
sauhanprices@hotmail.com
sayasgapara5@hotmail.com
sbrrjpm@siakagagnaicemamol.ru
sbsophiecm@hotmail.com
scvictoriaubm@hotmail.com
sdjoannesxg@hotmail.com
sdjrosesyr@hotmail.com
segardalresk@hotmail.com
sekdorothyxci@hotmail.com
seriehurcu@hotmail.com
serrourunga2013@outlook.com
sgdianexm@hotmail.com
shamburger.kyl@outlook.com
shelllaskerde@outlook.fr
shennafavela302@outlook.es
shermansanatwcpbw@gmail.com
sherrie_perault@outlook.com
sherrillbertagna969@outlook.it
shila6uqkre@outlook.fr
shioiknlsg@hotmail.com
shirlywilli526@outlook.fr
shlushifraaxk@hotmail.com
shotsnayilal@hotmail.com
shreynamuo@hotmail.com
sjxlhyty@glomabteran.ru
skinvaldetactkef@hotmail.com
sknjmhk@dragipprosmar.ru
snazlimopi2009@outlook.it
sntalisonmf@hotmail.com
sotekcercas6@hotmail.com
sotocolenehvxrvm@gmail.com
srbirenepmt@hotmail.com
srsoniawyc@hotmail.com
stasiawehrhe@outlook.com
steelerussellmawcyt@gmail.com
steven56loweski@outlook.com
stfgon@riorunevicikir.ru
studfibodee2021@outlook.com
sudiedejesusnwrfltn@gmail.com
sudierosales@gmail.com
sullivanmatin687@outlook.fr
support@le-vpn.com
susanaawong933@outlook.fr
svlisatqa@hotmail.com
swartzsefinau@hotmail.com
sweetypiered.88432@outlook.com
swpon558amoafou@hotmail.com
sxangelakli@hotmail.com
sxbellahs@hotmail.com
t_finkelman@outlook.com
tafarbegazoi@hotmail.com
taipekpokuc@hotmail.com
tamlampton052@outlook.de
tammundy398@outlook.fr
tbhockey9@hotmail.com
tempestroselee.83@outlook.com
tesonialph@hotmail.com
thaheyilmedaz@hotmail.com
thaimjagabaw@hotmail.com
thatleudifse1986@hotmail.com
thmrachelayx@hotmail.com
tiemmapr@hotmail.com
tifreatipen2018@hotmail.com
timikaanglade527@outlook.fr
timothy_gomeznlra@outlook.com
tirkherdic8@hotmail.com
tmijuliaewy@hotmail.com
tobieberlinger961@outlook.fr
toeurkelme0@hotmail.com
tommy95stephenspdw@outlook.com
torkcorugav@hotmail.com
tpkjgd@veupetquicongtsitoput.ru
tscsoniagb@hotmail.com
tsfelicityvd@hotmail.com
tumpis4604erisy@hotmail.com
tv4sacu8e7xi@outlook.com
tvtmelaniecsl@hotmail.com
txtjennifersc@hotmail.com
u1483ldqr@outlook.com
ue6vjdgbkc8l@outlook.com
uewendykpg@hotmail.com
uhrrp@bahnhamsligh.ru
uhztxsj@mundody.ru
uljoangv@hotmail.com
umbwandayec@hotmail.com
ummehsayiq3@hotmail.com
umtescw3n5uzjpi@outlook.com
updates@academia-mail.com
ustrupzelav@hotmail.com
uzleahzvr@hotmail.com
vacarolineazq@hotmail.com
vdkcarolineomr@hotmail.com
veranimuktarl@hotmail.com
verlenecamachoogzsc@gmail.com
vgmadeleinewl@hotmail.com
vhevmurodt@tarmeipretnoself.ru
vimvanessaeh@hotmail.com
viviennemusemeche352@outlook.kr
vjoliviatz@hotmail.com
vladianasly@hotmail.com
vlqsarahvbk@hotmail.com
vmoliviaap@hotmail.com
vofo@tucufmoo.ru
vqhemmaks@hotmail.com
vqhhec@wuvolbraoxy.ru
vqtheresasl@hotmail.com
w3ynhiuot3pj84vb@hotmail.com
wadjoankr@hotmail.com
wakaa3231ommyp@hotmail.com
wascr@ermepabe.ru
wbbstephanievbq@hotmail.com
wcnicolazqr@hotmail.com
wcxlilynu@hotmail.com
wentaoxlighti@hotmail.com
wfkjessicacar@hotmail.com
wflmelaniehj@hotmail.com
wilma_jonesvltg@outlook.com
wiwjdlagk@bitetiker.ru
wmwnicolafz@hotmail.com
wogalisonknn@hotmail.com
wootmichaelhall@outlook.com
wqcrm@tmpkaetklv.ru
wudorothyfia@hotmail.com
wvhtheresaru@hotmail.com
xadu@deohydtasifidissi.ru
xajjeagerb@hotmail.com
xcdemmamyl@hotmail.com
xdtkimberlyrqq@hotmail.com
xfsuemvy@hotmail.com
xgqgmsmmkc@pidvousacaconholi.ru
xi4qcf8e14nsu3pk@outlook.com
xlesalu@birthswisusowgiesorp.ru
xlvkyliens@hotmail.com
xmannaehw@hotmail.com
xqlrtdrj@soywwewktw.ru
xqrkhrfj@massdelmapenn.ru
xxezoezbw@hotmail.com
xzbjannpa@hotmail.com
xzijaneobk@hotmail.com
xzwendyqgz@hotmail.com
ybnicolajrq@hotmail.com
ydoamandagt@hotmail.com
yewvictoriaye@hotmail.com
yhra2166glunecm@hotmail.com
yieldynkgwg@hotmail.com
yjjsm@hkbvba.ru
ymwhannahbi@hotmail.com
ynalexandrarz@hotmail.com
youlandac65vbra@outlook.pt
ytcelgesc@hotmail.com
ytsuegtw@hotmail.com
yuonesurute@hotmail.com
yuriyartamonov42@gmail.com
yvjjxaw@newsgastscylat.ru
ywkgabriellexq@hotmail.com
yzjessicabb@hotmail.com
zbaelizabethsa@hotmail.com
zdjeo@muismacdifamyve.ru
zfasarahpu@hotmail.com
zfcarolynrky@hotmail.com
zfgabriellerhq@hotmail.com
zibernadettezj@hotmail.com
zielizabethuea@hotmail.com
zlehrzw@altexgenogastvitech.ru
znxmeganupf@hotmail.com
zrjfelicityvv@hotmail.com
ztalisonuah@hotmail.com
bdlrichardharris639@gmail.com
qqgydhps@cabevelolen.ru
caterina8c0san@outlook.com
houcesteofonre@hotmail.com
hccarolynpv@hotmail.com
xqmfsho@destovosfa.ru
q0netof0tn@hotmail.com
jnqfzzhmarekr@mail.lsgtthnjbvdl.nl
ramdisprontheho@hotmail.com
umtxocoaeoccf@mail.zbfcspjdftzj.nl
chat-noreply@google.com
kieshabernardlwawxfq@gmail.com
PaulGreen935522591@outlook.com
msdnduac@sodixicoce.ru
giouzomhsb@amentechsisi.ru
qysqy@bremununun.ru
marnahaydenuoxcf@gmail.com
tratonannisla@hotmail.com
ifru@stocininpreparadtrac.ru
regenaclemonsuinan@gmail.com
elyzabethkuic@outlook.com
vxpr@dedeglisepeca.ru
tradevelrata@hotmail.com
rpstes@culenexdyhosco.ru
diohorcorntate@hotmail.com
bpsabx@edvima.ru
svhuvnzh@alsege.ru
plarodft3k@hotmail.com
ktifctggm@ntattincvenitaback.ru
tci@cessnecvalr.ru
fsvftr@birdmocontci.ru
tyrqj@ranlililmieplicmahu.ru
hstzktnd@gulsbafanec.ru
boaenoewyz@burrepaguhas.ru
blfslewpmw@houralimisandsicho.ru
xxquvxy@ebprobinotselhusi.ru
loerecuttgedcua@hotmail.com
ugfcyeommr@erholtingtherfifela.ru
tw12102@students.leeschools.net
toropov@mail.zp.ua
i085847403@msn.com
joaber001@msn.com
DonnaLewisdvd94@gmail.com
nguyenwi2028@u4sd.org
mariaelisabethschaeffler0100@gmail.com
niklaskigaso@gmx.de
ursulasakone@gmx.de
muhammed.sahin@etb.email
4834571u@sp255.pl